../Core/Src/AS7343.c:13:9:AS7343_read	40	static
../Core/Src/AS7343.c:20:6:AS7343_write	32	static
../Core/Src/AS7343.c:27:6:AS7343_power	16	static
../Core/Src/AS7343.c:32:10:AS7343_read_spectral_data	40	static
../Core/Src/AS7343.c:39:6:AS7343_enable_spectral_measurement	16	static
../Core/Src/AS7343.c:43:6:AS7343_set_cycle	16	static
../Core/Src/AS7343.c:47:6:AS7343_set_SMUX_F1_F4	16	static
../Core/Src/AS7343.c:64:6:AS7343_set_SMUX_F5_F8	16	static
../Core/Src/AS7343.c:81:6:AS7343_direct_config_3_chain	16	static
../Core/Src/AS7343.c:187:6:AS7343_get_AVALID_bit	24	static
../Core/Src/AS7343.c:193:6:AS7343_check_saturation	24	static
../Core/Src/AS7343.c:199:6:AS7343_check_analog_saturation	24	static
../Core/Src/AS7343.c:205:6:AS7343_delay_for_reading	16	static
../Core/Src/AS7343.c:211:6:AS7343_read_18	32	static
../Core/Src/AS7343.c:222:6:AS7343_set_gain	16	static
../Core/Src/AS7343.c:226:9:AS7343_get_gain	16	static
../Core/Src/AS7343.c:230:6:AS7343_set_TINT	40	static
../Core/Src/AS7343.c:248:8:AS7343_get_TINT	40	static
../Core/Src/AS7343.c:257:6:AS7343_optimizer	96	static
