../Core/Src/main.c:80:6:HAL_TIM_PeriodElapsedCallback	16	static
../Core/Src/main.c:107:5:main	176	static
../Core/Src/main.c:213:6:SystemClock_Config	88	static
../Core/Src/main.c:260:13:MX_I2C1_Init	8	static
../Core/Src/main.c:294:13:MX_I2C3_Init	8	static
../Core/Src/main.c:328:13:MX_TIM3_Init	32	static
../Core/Src/main.c:373:13:MX_USART2_UART_Init	8	static
../Core/Src/main.c:406:13:MX_GPIO_Init	48	static
../Core/Src/main.c:435:13:scan_I2C_bus	48	static
../Core/Src/main.c:463:6:Error_Handler	4	static,ignoring_inline_asm
