../Core/Src/main.c:100:6:scan_I2C_bus	48	static
../Core/Src/main.c:125:5:takeSize	24	static
../Core/Src/main.c:143:5:main	208	static
../Core/Src/main.c:391:6:SystemClock_Config	88	static
../Core/Src/main.c:433:13:MX_ADC1_Init	24	static
../Core/Src/main.c:485:13:MX_I2C1_Init	8	static
../Core/Src/main.c:519:13:MX_I2C3_Init	8	static
../Core/Src/main.c:553:13:MX_TIM3_Init	32	static
../Core/Src/main.c:598:13:MX_USART1_UART_Init	8	static
../Core/Src/main.c:631:13:MX_USART2_UART_Init	8	static
../Core/Src/main.c:664:13:MX_GPIO_Init	40	static
../Core/Src/main.c:702:6:HAL_TIM_PeriodElapsedCallback	16	static
../Core/Src/main.c:741:6:Error_Handler	4	static,ignoring_inline_asm
